---
source: tests/adapters/parameters.rs
expression: "adapter.apply(input, &request)"
---
Some(
    0.1,
)
