---
source: tests/adapters/prompt.rs
expression: result
---
GEMINI_API_KEY=[REDACTED]
