---
source: tests/adapters/parameters.rs
expression: "adapter.apply(input, &request)"
---
None
