---
source: tests/adapters/prompt.rs
expression: result
---
HELLO WORLD
